// Jest Snapshot v1, https://goo.gl/fbAQLP

exports[`Counter Snapshot renders 1`] = `
<div>
  <p />
</div>
`;

exports[`CounterApp SnapShot renders 1`] = `
<div>
  <h1>
    My Counter!
  </h1>
  <div>
    <p>
      0
    </p>
  </div>
  <button
    onClick={[Function]}
    type="button"
  >
    Increment
  </button>
  <button
    onClick={[Function]}
    type="button"
  >
    Decrement
  </button>
  <h3>
    My Async Data
  </h3>
  <ul />
</div>
`;
